// Vitest Snapshot v1, https://vitest.dev/guide/snapshot.html

exports[`doEmbed > should expose the raw response 1`] = `
{
  "body": {
    "data": [
      {
        "embedding": [
          0.1,
          0.2,
          0.3,
          0.4,
          0.5,
        ],
        "index": 0,
      },
      {
        "embedding": [
          0.6,
          0.7,
          0.8,
          0.9,
          1,
        ],
        "index": 1,
      },
    ],
    "usage": {
      "prompt_tokens": 8,
      "total_tokens": 8,
    },
  },
  "headers": {
    "content-length": "145",
    "content-type": "application/json",
    "test-header": "test-value",
  },
}
`;
